{
  "all_registered": true,
  "total_registered": 10
}