{
  "port": 8080,
  "host": "localhost",
  "read_timeout_seconds": 30,
  "write_timeout_seconds": 30,
  "max_header_bytes": 1048576,
  "max_request_size": 10485760,
  "enable_cors": true,
  "allowed_origins": [
    "*"
  ],
  "allowed_methods": [
    "GET",
    "POST",
    "OPTIONS"
  ],
  "allowed_headers": [
    "Content-Type",
    "Authorization"
  ]
}