{
  "registered_transports": [],
  "transport_count": 0
}