[
  {
    "name": "unsupported_transport",
    "transport": "completely_unknown",
    "error_type": "generic",
    "message": "unsupported transport type: completely_unknown",
    "recoverable": true
  },
  {
    "name": "empty_transport_type",
    "transport": "",
    "error_type": "generic",
    "message": "unsupported transport type: ",
    "recoverable": true
  }
]