{
  "type": "stdio",
  "version": "1.0.0",
  "capabilities": [
    "streaming",
    "bidirectional",
    "progress"
  ],
  "limits": {
    "buffer_size": 4096,
    "max_connections": 1,
    "max_message_size": 1048576
  }
}