{
  "registered_transports": [
    "custom",
    "http",
    "stdio"
  ],
  "transport_count": 3
}